// Jest Snapshot v1, https://goo.gl/fbAQLP

exports[`ErrorBox Should match with snapshot 1`] = `
<div
  className="sc-bdVaJa bDWFJH"
/>
`;
