// Jest Snapshot v1, https://goo.gl/fbAQLP

exports[`Card Should match with snapshot 1`] = `
ShallowWrapper {
  "complexSelector": ComplexSelector {
    "buildPredicate": [Function],
    "childrenOfNode": [Function],
    "findWhereUnwrapped": [Function],
  },
  "length": 1,
  "node": <styled.div>
    <LazyLoad
      height={200}
      offset={0}
      once={true}
      overflow={false}
      resize={false}
      scroll={true}
      unmountIfInvisible={false}
    >
      <styled.img
        src="https://www.raphaelfabeni.com.br/rv/test-resources/hotels/spring-hill-marriot.jpg"
      />
    </LazyLoad>
    <styled.div>
      <styled.div>
        <styled.div>
          <styled.img />
          <styled.img />
          <styled.img />
          <styled.img />
          <styled.img />
        </styled.div>
        <styled.div>
          Facilities of SpringHill Suites by Marriott Charlotte Uptown
        </styled.div>
        <styled.div>
          Located 201 m from Mint Museum of Craft Design in Charlotte, SpringHill Suites by Marriott Charlotte Uptown features free WiFi access and private parking.
        </styled.div>
        <styled.div>
          <styled.div>
            <Unknown
              size="small"
            >
              Book now
            </Unknown>
          </styled.div>
          <styled.div>
            <Unknown
              action={[Function]}
              size="small"
              typeBtn="info"
            >
              Price history
            </Unknown>
          </styled.div>
        </styled.div>
      </styled.div>
      <styled.div>
        <styled.div>
          Total
        </styled.div>
        <styled.div>
          $
          400
        </styled.div>
      </styled.div>
    </styled.div>
  </styled.div>,
  "nodes": Array [
    <styled.div>
      <LazyLoad
        height={200}
        offset={0}
        once={true}
        overflow={false}
        resize={false}
        scroll={true}
        unmountIfInvisible={false}
      >
        <styled.img
          src="https://www.raphaelfabeni.com.br/rv/test-resources/hotels/spring-hill-marriot.jpg"
        />
      </LazyLoad>
      <styled.div>
        <styled.div>
          <styled.div>
            <styled.img />
            <styled.img />
            <styled.img />
            <styled.img />
            <styled.img />
          </styled.div>
          <styled.div>
            Facilities of SpringHill Suites by Marriott Charlotte Uptown
          </styled.div>
          <styled.div>
            Located 201 m from Mint Museum of Craft Design in Charlotte, SpringHill Suites by Marriott Charlotte Uptown features free WiFi access and private parking.
          </styled.div>
          <styled.div>
            <styled.div>
              <Unknown
                size="small"
              >
                Book now
              </Unknown>
            </styled.div>
            <styled.div>
              <Unknown
                action={[Function]}
                size="small"
                typeBtn="info"
              >
                Price history
              </Unknown>
            </styled.div>
          </styled.div>
        </styled.div>
        <styled.div>
          <styled.div>
            Total
          </styled.div>
          <styled.div>
            $
            400
          </styled.div>
        </styled.div>
      </styled.div>
    </styled.div>,
  ],
  "options": Object {},
  "renderer": ReactShallowRenderer {
    "_instance": ShallowComponentWrapper {
      "_calledComponentWillUnmount": false,
      "_compositeType": 0,
      "_context": Object {},
      "_currentElement": <Card
        description="Located 201 m from Mint Museum of Craft Design in Charlotte, SpringHill Suites by Marriott Charlotte Uptown features free WiFi access and private parking."
        image="https://www.raphaelfabeni.com.br/rv/test-resources/hotels/spring-hill-marriot.jpg"
        price={400}
        price_history={
          Array [
            Object {
              "month": "Jan",
              "value": 438,
            },
            Object {
              "month": "Feb",
              "value": 400.1,
            },
            Object {
              "month": "Mar",
              "value": 425,
            },
            Object {
              "month": "Apr",
              "value": 433.6,
            },
            Object {
              "month": "May",
              "value": 428.4,
            },
            Object {
              "month": "Jun",
              "value": 415,
            },
            Object {
              "month": "Jul",
              "value": 412,
            },
          ]
        }
        rate={5}
        title="Facilities of SpringHill Suites by Marriott Charlotte Uptown"
      />,
      "_debugID": 1,
      "_hostContainerInfo": null,
      "_hostParent": null,
      "_instance": Card {
        "_reactInternalInstance": [Circular],
        "context": Object {},
        "props": Object {
          "description": "Located 201 m from Mint Museum of Craft Design in Charlotte, SpringHill Suites by Marriott Charlotte Uptown features free WiFi access and private parking.",
          "image": "https://www.raphaelfabeni.com.br/rv/test-resources/hotels/spring-hill-marriot.jpg",
          "price": 400,
          "price_history": Array [
            Object {
              "month": "Jan",
              "value": 438,
            },
            Object {
              "month": "Feb",
              "value": 400.1,
            },
            Object {
              "month": "Mar",
              "value": 425,
            },
            Object {
              "month": "Apr",
              "value": 433.6,
            },
            Object {
              "month": "May",
              "value": 428.4,
            },
            Object {
              "month": "Jun",
              "value": 415,
            },
            Object {
              "month": "Jul",
              "value": 412,
            },
          ],
          "rate": 5,
          "title": "Facilities of SpringHill Suites by Marriott Charlotte Uptown",
        },
        "refs": Object {},
        "state": Object {
          "showChart": false,
        },
        "updater": Object {
          "enqueueCallback": [Function],
          "enqueueCallbackInternal": [Function],
          "enqueueElementInternal": [Function],
          "enqueueForceUpdate": [Function],
          "enqueueReplaceState": [Function],
          "enqueueSetState": [Function],
          "isMounted": [Function],
          "validateCallback": [Function],
        },
      },
      "_mountOrder": 1,
      "_pendingCallbacks": null,
      "_pendingElement": null,
      "_pendingForceUpdate": false,
      "_pendingReplaceState": false,
      "_pendingStateQueue": null,
      "_renderedComponent": NoopInternalComponent {
        "_currentElement": <styled.div>
          <LazyLoad
            height={200}
            offset={0}
            once={true}
            overflow={false}
            resize={false}
            scroll={true}
            unmountIfInvisible={false}
          >
            <styled.img
              src="https://www.raphaelfabeni.com.br/rv/test-resources/hotels/spring-hill-marriot.jpg"
            />
          </LazyLoad>
          <styled.div>
            <styled.div>
              <styled.div>
                <styled.img />
                <styled.img />
                <styled.img />
                <styled.img />
                <styled.img />
              </styled.div>
              <styled.div>
                Facilities of SpringHill Suites by Marriott Charlotte Uptown
              </styled.div>
              <styled.div>
                Located 201 m from Mint Museum of Craft Design in Charlotte, SpringHill Suites by Marriott Charlotte Uptown features free WiFi access and private parking.
              </styled.div>
              <styled.div>
                <styled.div>
                  <Unknown
                    size="small"
                  >
                    Book now
                  </Unknown>
                </styled.div>
                <styled.div>
                  <Unknown
                    action={[Function]}
                    size="small"
                    typeBtn="info"
                  >
                    Price history
                  </Unknown>
                </styled.div>
              </styled.div>
            </styled.div>
            <styled.div>
              <styled.div>
                Total
              </styled.div>
              <styled.div>
                $
                400
              </styled.div>
            </styled.div>
          </styled.div>
        </styled.div>,
        "_debugID": 2,
        "_renderedOutput": <styled.div>
          <LazyLoad
            height={200}
            offset={0}
            once={true}
            overflow={false}
            resize={false}
            scroll={true}
            unmountIfInvisible={false}
          >
            <styled.img
              src="https://www.raphaelfabeni.com.br/rv/test-resources/hotels/spring-hill-marriot.jpg"
            />
          </LazyLoad>
          <styled.div>
            <styled.div>
              <styled.div>
                <styled.img />
                <styled.img />
                <styled.img />
                <styled.img />
                <styled.img />
              </styled.div>
              <styled.div>
                Facilities of SpringHill Suites by Marriott Charlotte Uptown
              </styled.div>
              <styled.div>
                Located 201 m from Mint Museum of Craft Design in Charlotte, SpringHill Suites by Marriott Charlotte Uptown features free WiFi access and private parking.
              </styled.div>
              <styled.div>
                <styled.div>
                  <Unknown
                    size="small"
                  >
                    Book now
                  </Unknown>
                </styled.div>
                <styled.div>
                  <Unknown
                    action={[Function]}
                    size="small"
                    typeBtn="info"
                  >
                    Price history
                  </Unknown>
                </styled.div>
              </styled.div>
            </styled.div>
            <styled.div>
              <styled.div>
                Total
              </styled.div>
              <styled.div>
                $
                400
              </styled.div>
            </styled.div>
          </styled.div>
        </styled.div>,
      },
      "_renderedNodeType": 1,
      "_rootNodeID": 0,
      "_topLevelWrapper": null,
      "_updateBatchNumber": null,
      "_warnedAboutRefsInRender": false,
    },
    "getRenderOutput": [Function],
    "render": [Function],
  },
  "root": [Circular],
  "unrendered": <Card
    description="Located 201 m from Mint Museum of Craft Design in Charlotte, SpringHill Suites by Marriott Charlotte Uptown features free WiFi access and private parking."
    image="https://www.raphaelfabeni.com.br/rv/test-resources/hotels/spring-hill-marriot.jpg"
    price={400}
    price_history={
      Array [
        Object {
          "month": "Jan",
          "value": 438,
        },
        Object {
          "month": "Feb",
          "value": 400.1,
        },
        Object {
          "month": "Mar",
          "value": 425,
        },
        Object {
          "month": "Apr",
          "value": 433.6,
        },
        Object {
          "month": "May",
          "value": 428.4,
        },
        Object {
          "month": "Jun",
          "value": 415,
        },
        Object {
          "month": "Jul",
          "value": 412,
        },
      ]
    }
    rate={5}
    title="Facilities of SpringHill Suites by Marriott Charlotte Uptown"
  />,
}
`;
