// Jest Snapshot v1, https://goo.gl/fbAQLP

exports[`registerServiceWorker renders correctly 1`] = `[Function]`;
