// Jest Snapshot v1, https://goo.gl/fbAQLP

exports[`FilterRate Should match with snapshot 1`] = `
<div
  className="sc-bdVaJa iDsbrN"
>
  <div
    className="sc-ifAKCX cFlEyZ"
  >
    <div
      className="sc-bxivhb iDpwYV"
    >
      Stars
    </div>
    <span
      onMouseEnter={[Function]}
      onMouseLeave={[Function]}
      style={
        Object {
          "direction": "ltr",
          "display": "inline-block",
        }
      }
    >
      <span
        onClick={[Function]}
        onMouseMove={[Function]}
        onTouchEnd={[Function]}
        onTouchMove={[Function]}
        style={
          Object {
            "cursor": "pointer",
            "display": "inline-block",
            "position": "relative",
          }
        }
      >
        <img
          className="sc-htpNat eUBtfO"
          src="star-outline.svg"
        />
        <span
          style={
            Object {
              "display": "inline-block",
              "left": 0,
              "overflow": "hidden",
              "position": "absolute",
              "top": 0,
              "width": "0%",
            }
          }
        >
          <span
            style={
              Object {
                "backgroundColor": "red",
                "border": "5px double white",
                "borderRadius": "50%",
                "display": "inline-block",
                "height": 30,
                "width": 30,
              }
            }
          />
        </span>
      </span>
      <span
        onClick={[Function]}
        onMouseMove={[Function]}
        onTouchEnd={[Function]}
        onTouchMove={[Function]}
        style={
          Object {
            "cursor": "pointer",
            "display": "inline-block",
            "position": "relative",
          }
        }
      >
        <img
          className="sc-htpNat eUBtfO"
          src="star-outline.svg"
        />
        <span
          style={
            Object {
              "display": "inline-block",
              "left": 0,
              "overflow": "hidden",
              "position": "absolute",
              "top": 0,
              "width": "0%",
            }
          }
        >
          <span
            style={
              Object {
                "backgroundColor": "red",
                "border": "5px double white",
                "borderRadius": "50%",
                "display": "inline-block",
                "height": 30,
                "width": 30,
              }
            }
          />
        </span>
      </span>
      <span
        onClick={[Function]}
        onMouseMove={[Function]}
        onTouchEnd={[Function]}
        onTouchMove={[Function]}
        style={
          Object {
            "cursor": "pointer",
            "display": "inline-block",
            "position": "relative",
          }
        }
      >
        <img
          className="sc-htpNat eUBtfO"
          src="star-outline.svg"
        />
        <span
          style={
            Object {
              "display": "inline-block",
              "left": 0,
              "overflow": "hidden",
              "position": "absolute",
              "top": 0,
              "width": "0%",
            }
          }
        >
          <span
            style={
              Object {
                "backgroundColor": "red",
                "border": "5px double white",
                "borderRadius": "50%",
                "display": "inline-block",
                "height": 30,
                "width": 30,
              }
            }
          />
        </span>
      </span>
      <span
        onClick={[Function]}
        onMouseMove={[Function]}
        onTouchEnd={[Function]}
        onTouchMove={[Function]}
        style={
          Object {
            "cursor": "pointer",
            "display": "inline-block",
            "position": "relative",
          }
        }
      >
        <img
          className="sc-htpNat eUBtfO"
          src="star-outline.svg"
        />
        <span
          style={
            Object {
              "display": "inline-block",
              "left": 0,
              "overflow": "hidden",
              "position": "absolute",
              "top": 0,
              "width": "0%",
            }
          }
        >
          <span
            style={
              Object {
                "backgroundColor": "red",
                "border": "5px double white",
                "borderRadius": "50%",
                "display": "inline-block",
                "height": 30,
                "width": 30,
              }
            }
          />
        </span>
      </span>
      <span
        onClick={[Function]}
        onMouseMove={[Function]}
        onTouchEnd={[Function]}
        onTouchMove={[Function]}
        style={
          Object {
            "cursor": "pointer",
            "display": "inline-block",
            "position": "relative",
          }
        }
      >
        <img
          className="sc-htpNat eUBtfO"
          src="star-outline.svg"
        />
        <span
          style={
            Object {
              "display": "inline-block",
              "left": 0,
              "overflow": "hidden",
              "position": "absolute",
              "top": 0,
              "width": "0%",
            }
          }
        >
          <span
            style={
              Object {
                "backgroundColor": "red",
                "border": "5px double white",
                "borderRadius": "50%",
                "display": "inline-block",
                "height": 30,
                "width": 30,
              }
            }
          />
        </span>
      </span>
    </span>
  </div>
</div>
`;
